[backblue.gif]
[fade.gif]
[index.html]
[manisa.bouthythemes.com/images/signature.png]
[manisa.bouthythemes.com/images/portfolio/01.jpg]
[manisa.bouthythemes.com/images/portfolio/02.jpg]
[manisa.bouthythemes.com/images/portfolio/03.jpg]
[manisa.bouthythemes.com/images/portfolio/04.jpg]
[manisa.bouthythemes.com/images/portfolio/05.jpg]
[manisa.bouthythemes.com/images/portfolio/06.jpg]
[manisa.bouthythemes.com/images/portfolio/07.jpg]
[manisa.bouthythemes.com/images/portfolio/08.jpg]
[manisa.bouthythemes.com/images/portfolio/09.jpg]
[manisa.bouthythemes.com/images/clients/brand_1.png]
[manisa.bouthythemes.com/images/clients/brand_2.png]
[manisa.bouthythemes.com/images/clients/brand_3.png]
[manisa.bouthythemes.com/images/clients/brand_4.png]
[manisa.bouthythemes.com/images/blog/01.jpg]
[manisa.bouthythemes.com/images/blog/02.jpg]
[manisa.bouthythemes.com/images/blog/03.jpg]
[ajax.googleapis.com/ajax/libs/jquery/1.10.2/jquery.min.js]
[cdnjs.cloudflare.com/ajax/libs/popper.js/1.11.0/umd/popper.min.js]
[cdnjs.cloudflare.com/ajax/libs/waypoints/2.0.3/waypoints.min.js]
[manisa.bouthythemes.com/index-vertical-nav.html]
[manisa.bouthythemes.com/css/bootstrap.min.css]
[manisa.bouthythemes.com/images/dark-logo.png]
[manisa.bouthythemes.com/images/light-logo.png]
[manisa.bouthythemes.com/images/background.jpg]
[manisa.bouthythemes.com/images/background-slider1.jpg]
[manisa.bouthythemes.com/images/background-slider3.jpg]
[manisa.bouthythemes.com/images/background-particles.jpg]
[manisa.bouthythemes.com/images/about.jpg]
[manisa.bouthythemes.com/images/testim1.jpg]
[manisa.bouthythemes.com/images/testim2.jpg]
[manisa.bouthythemes.com/images/testim3.jpg]
[manisa.bouthythemes.com/images/background-clients.jpg]
[manisa.bouthythemes.com/css/main.css]
[manisa.bouthythemes.com/css/responsive.css]
[manisa.bouthythemes.com/css/vertical-nav.css]
[manisa.bouthythemes.com/css/light_template.css]
[manisa.bouthythemes.com/css/default-color.css]
[manisa.bouthythemes.com/css/manisa-icon.css]
[manisa.bouthythemes.com/css/font-awesome.min.css]
[manisa.bouthythemes.com/images/close.png]
[manisa.bouthythemes.com/images/loading.gif]
[manisa.bouthythemes.com/images/prev.png]
[manisa.bouthythemes.com/images/next.png]
[manisa.bouthythemes.com/css/lightbox.min.css]
[manisa.bouthythemes.com/css/slick.css]
[manisa.bouthythemes.com/POST.html]
[manisa.bouthythemes.com/contact.html]
[manisa.bouthythemes.com/images/blog/04.jpg]
[manisa.bouthythemes.com/images/blog/avatar-comments/01.jpg]
[manisa.bouthythemes.com/images/blog/avatar-comments/02.jpg]
[manisa.bouthythemes.com/blog-post.html]
[manisa.bouthythemes.com/blog.html]
[manisa.bouthythemes.com/js/bootstrap.min.js]
[manisa.bouthythemes.com/js/lightbox.min.js]
[manisa.bouthythemes.com/js/typed.js]
[manisa.bouthythemes.com/js/slick.min.js]
[manisa.bouthythemes.com/js/jquery.counterup.min.js]
[manisa.bouthythemes.com/js/custom.js]
[manisa.bouthythemes.com/images/background-slider2.html]
[manisa.bouthythemes.com/images/background-paralax.html]
[manisa.bouthythemes.com/images/background-stat.html]
[manisa.bouthythemes.com/images/testim1.jpg]
[manisa.bouthythemes.com/fonts/manisa345d.html]
[manisa.bouthythemes.com/fonts/manisa345d-2.html]
[manisa.bouthythemes.com/fonts/manisa345d-3.html]
[manisa.bouthythemes.com/fonts/manisa345d.svg]
[manisa.bouthythemes.com/fonts/fontawesome-webfont3e6e.html]
[manisa.bouthythemes.com/fonts/fontawesome-webfontd41d.html]
[manisa.bouthythemes.com/fonts/fontawesome-webfont3e6e-2.html]
[manisa.bouthythemes.com/fonts/fontawesome-webfont3e6e-3.html]
[manisa.bouthythemes.com/fonts/fontawesome-webfont3e6e-4.html]
[manisa.bouthythemes.com/fonts/fontawesome-webfont3e6e.svg]
[manisa.bouthythemes.com/css/panel-nav.css]
[manisa.bouthythemes.com/css/dark_template.css]
[manisa.bouthythemes.com/css/brown-color.css]
[manisa.bouthythemes.com/css/green-color.css]
[manisa.bouthythemes.com/css/pink-color.css]
[manisa.bouthythemes.com/css/golden-color.css]
[manisa.bouthythemes.com/css/orange-color.css]
[manisa.bouthythemes.com/css/blue-color.css]
[manisa.bouthythemes.com/css/azure-color.css]
[manisa.bouthythemes.com/index-classic.html]
